// Jest Snapshot v1, https://goo.gl/fbAQLP

exports[`components/Masonry should match snapshot 1`] = `
<ThemeProvider
  theme={
    Object {
      "DEFAULT_CARD_WIDTH": 288,
      "MAIN_BODY_WIDTH": 1242,
      "bg": Object {
        "bgPrimary": "#1E2428",
        "bgSecondary": "#1E3D3B",
        "borderTextArea": "#979797",
        "contentBorder": "1px solid rgba(30, 36, 40, 0.19)",
        "disabledBackgroundColor": "#D6D6D6",
        "disabledTextColor": "#9B9B9B",
        "divider": "#EBEBEB",
        "errorRedColor": "#C03030",
        "hoverTextColor": "#108E72",
        "padding": "calc((100vw - \${props => props.theme.breakpoints[2]}) / 2)",
        "paddingTop": "2.5em",
        "primary": "#0BA986",
        "primaryColor": "#0BA986",
        "primaryDark": "#11856B",
        "primaryTextColor": "#1E2428",
        "secondary": "#11856B",
        "secondaryBlue": "rgb(81, 123, 162, 1)",
        "secondaryBlueDark": "rgb(81, 118, 142, 1)",
        "secondaryColor": "#1E3D3B",
        "secondaryTextColor": "#283035",
        "tertiaryBackgroundColor": "#F7F7F7",
        "textPrimary": "#1E2428",
        "white": "#FFFFFF",
      },
      "bgPrimary": "#1E2428",
      "bgSecondary": "#1E3D3B",
      "borderTextArea": "#979797",
      "breakpoints": Array [
        "500px",
        "52em",
        "1242px",
      ],
      "colors": Object {
        "bgPrimary": "#1E2428",
        "bgSecondary": "#1E3D3B",
        "borderTextArea": "#979797",
        "contentBorder": "1px solid rgba(30, 36, 40, 0.19)",
        "disabledBackgroundColor": "#D6D6D6",
        "disabledTextColor": "#9B9B9B",
        "divider": "#EBEBEB",
        "errorRedColor": "#C03030",
        "hoverTextColor": "#108E72",
        "padding": "calc((100vw - \${props => props.theme.breakpoints[2]}) / 2)",
        "paddingTop": "2.5em",
        "primary": "#0BA986",
        "primaryColor": "#0BA986",
        "primaryDark": "#11856B",
        "primaryTextColor": "#1E2428",
        "secondary": "#11856B",
        "secondaryBlue": "rgb(81, 123, 162, 1)",
        "secondaryBlueDark": "rgb(81, 118, 142, 1)",
        "secondaryColor": "#1E3D3B",
        "secondaryTextColor": "#283035",
        "tertiaryBackgroundColor": "#F7F7F7",
        "textPrimary": "#1E2428",
        "white": "#FFFFFF",
      },
      "contentBorder": "1px solid rgba(30, 36, 40, 0.19)",
      "disabledBackgroundColor": "#D6D6D6",
      "disabledTextColor": "#9B9B9B",
      "divider": "#EBEBEB",
      "errorRedColor": "#C03030",
      "fontSizes": Array [
        11,
        13,
        14,
        16,
        18,
        20,
        22,
        28,
        32,
      ],
      "fontWeight": Array [
        300,
        "normal",
        500,
        700,
      ],
      "hoverTextColor": "#108E72",
      "padContent": "
    max-width: 1242px;
    margin-left: auto;
    margin-right: auto;
    @media (min-width: 1242px) {
      min-width: 1242px;
    }
    @media (max-width: 1242px) {
      min-width: 90%;
    }
  ",
      "padding": "calc((100vw - 1242px) / 2)",
      "paddingTop": "2.5em",
      "primary": "#0BA986",
      "primaryColor": "#0BA986",
      "primaryDark": "#11856B",
      "primaryTextColor": "#1E2428",
      "secondary": "#11856B",
      "secondaryBlue": "rgb(81, 123, 162, 1)",
      "secondaryBlueDark": "rgb(81, 118, 142, 1)",
      "secondaryColor": "#1E3D3B",
      "secondaryTextColor": "#283035",
      "space": Array [
        0,
        10,
        15,
        30,
        60,
      ],
      "tertiaryBackgroundColor": "#F7F7F7",
      "textPrimary": "#1E2428",
      "white": "#FFFFFF",
    }
  }
>
  <Masonry>
    <Masonry__MasonryContainer
      withPadding={true}
    >
      <StyledComponent
        forwardedComponent={
          Object {
            "$$typeof": Symbol(react.forward_ref),
            "attrs": Array [],
            "componentStyle": ComponentStyle {
              "componentId": "Masonry__MasonryContainer-sc-8bsb2v-0",
              "isStatic": false,
              "lastClassName": "eAEBsh",
              "rules": Array [
                "display:grid;width:100%;grid-template-columns:repeat( auto-fill,minmax(",
                "288",
                "px,",
                "288",
                "px) );grid-gap:",
                [Function],
                "px ",
                [Function],
                "px;",
                [Function],
                ";@media (max-width:",
                [Function],
                "){justify-content:center;}",
              ],
            },
            "displayName": "Masonry__MasonryContainer",
            "foldedComponentIds": Array [],
            "render": [Function],
            "styledComponentId": "Masonry__MasonryContainer-sc-8bsb2v-0",
            "target": "div",
            "toString": [Function],
            "warnTooManyClasses": [Function],
            "withComponent": [Function],
          }
        }
        forwardedRef={null}
        withPadding={true}
      >
        <div
          className="Masonry__MasonryContainer-sc-8bsb2v-0 eAEBsh"
        >
          <div>
            Test
          </div>
        </div>
      </StyledComponent>
    </Masonry__MasonryContainer>
  </Masonry>
</ThemeProvider>
`;
