// Jest Snapshot v1, https://goo.gl/fbAQLP

exports[`components/AddIcon should match snapshot 1`] = `
<svg
  fill="none"
  height="30"
  viewBox="0 0 30 30"
  width="30"
>
  <path
    clipRule="evenodd"
    d="M15 30C23.2843 30 30 23.2843 30 15C30 6.71573 23.2843 0 15 0C6.71573 0 0 6.71573 0 15C0 23.2843 6.71573 30 15 30Z"
    fill="#0BA986"
    fillRule="evenodd"
  />
  <rect
    fill="url(#pattern0)"
    height="18"
    width="18"
    x="6"
    y="6"
  />
  <mask
    height="18"
    id="mask0"
    mask-type="alpha"
    maskUnits="userSpaceOnUse"
    width="18"
    x="6"
    y="6"
  >
    <rect
      fill="url(#pattern1)"
      height="18"
      width="18"
      x="6"
      y="6"
    />
  </mask>
  <g
    mask="url(#mask0)"
  >
    <rect
      fill="white"
      height="18"
      width="18"
      x="6"
      y="6"
    />
  </g>
  <defs>
    <pattern
      height="1"
      id="pattern0"
      patternContentUnits="objectBoundingBox"
      width="1"
    >
      <use
        transform="scale(0.00961538)"
        xlinkHref="#image0"
      />
    </pattern>
    <pattern
      height="1"
      id="pattern1"
      patternContentUnits="objectBoundingBox"
      width="1"
    >
      <use
        transform="scale(0.00961538)"
        xlinkHref="#image0"
      />
    </pattern>
    <image
      height="104"
      id="image0"
      width="104"
      xlinkHref="data:image/png;base64,iVBORw0KGgoAAAANSUhEUgAAAGgAAABoCAYAAAAdHLWhAAAAAXNSR0IArs4c6QAAAv5JREFUeAHtnUFOG0EQRXEkNkE5ELCAkyGRa0EUVsB9YjZh4VRLXnhhi6r+/iqP81pqEZmq+T3veSzRmnEuLhgQgAAEIAABCEAAAhCAAAQgAAEIQAACEIAABA4Q2Gw2tzGfY37E/Gqso2DU3hw4HC8fk0CAHnL+xqyO0YOkY8rYd6yA/KtqZqf+ad8xT/m11Skvbt/aAvY6Xr/a97vEa+vVavUjUXcyJUsUtFHohaBFnfM35WTp9RNAkJ+xlIAgCZ+/GUF+xlICgiR8/mYE+RlLCQiS8PmbEeRnLCUgSMLnb0aQn7GUgCAJn78ZQX7GUgKCJHz+ZgT5GUsJCJLw+ZsR5GcsJSBIwudvRpCfsZSAIAmfvxlBfsZSAoIkfP5mBPkZSwkIkvD5mxHkZywlIEjC529GkJ+xlIAgCZ+/eeo+5biB/TaW9hjzOuZ3/zIXnfARq3+P+RC3hb9Wz6QsaCvndwRdVsP+8/rPOP/7qqSZj7ifyJl6q4039PjUKY2ZK0h5Pqe0uDMsLj+fNCNIej7nDKGXTqn6fNLMR1xpQRRrBBCk8bN3I8iOWAtAkMbP3o0gO2ItAEEaP3s3guyItYAZQWNviTFHYPyRXxozgsbGH2OOQJndzE7C+EKil5hsltYkjc3Su9hJeKu0la+g7W7sfYQ8xyxfspXFnUntYDRYleWM8y9fQaOpc4xvrlLyq3thStYxestX0DFCOUaeAILyrFoqEdSCPR+KoDyrlkoEtWDPhyIoz6qlEkEt2POhCMqzaqlEUAv2fCiC8qxaKhHUgj0fiqA8q5ZKBLVgz4ciKM+qpRJBLdjzoQjKs2qpRFAL9nwogvKsWioR1II9H4qgPKuWSgS1YM+HIijPqqUSQS3Y86EIyrNqqURQC/Z8KILyrFoqEdSCPR+6REHK80mLu9l/iYLKz9jsvF+V3p3D8M+DBOLhhpuYs//Z+vh2LoabwFbSU/z8E/OrMWpGLXLcYjg+BCAAAQhAAAIQgAAEIAABCEAAAhCAAAQWTOAfqlxd4sUV9HUAAAAASUVORK5CYII="
    />
  </defs>
</svg>
`;

exports[`components/UploadIcon should match snapshot 1`] = `
<img
  src="https://png.icons8.com/color/50/000000/upload.png"
/>
`;
