// Jest Snapshot v1, https://goo.gl/fbAQLP

exports[`components/TagSelector snapshot should match 1`] = `
<ContextConsumer>
  <Component />
</ContextConsumer>
`;
