// Jest Snapshot v1, https://goo.gl/fbAQLP

exports[`containers/WriteArticle/View should match the snapshot 1`] = `
<Fragment>
  <div
    style={
      Object {
        "position": "relative",
      }
    }
  >
    <_default
      attributes={
        Object {
          "background": null,
          "canonical": null,
        }
      }
      disableActions={false}
      handleSubmit={[Function]}
      selectDestination={[Function]}
      setAttributes={[Function]}
    />
    <_default
      onValidation={[Function]}
      setTags={[Function]}
      setTitle={[Function]}
      tags={Array []}
      title={null}
    />
  </div>
  <Editor
    attributes={
      Object {
        "background": null,
        "canonical": null,
      }
    }
    compact={false}
    onChange={[Function]}
    onValidation={[Function]}
    setAttributes={[Function]}
    setTitle={[Function]}
    text={null}
    withTabs={true}
    withToolbar={true}
  />
</Fragment>
`;
