// Jest Snapshot v1, https://goo.gl/fbAQLP

exports[`containers/ArticleRejected should match snapshot 1`] = `
<Provider
  store={
    Object {
      "clearActions": [Function],
      "dispatch": [Function],
      "getActions": [Function],
      "getState": [Function],
      "replaceReducer": [Function],
      "subscribe": [Function],
    }
  }
>
  <ThemeProvider
    theme={
      Object {
        "DEFAULT_CARD_WIDTH": 288,
        "MAIN_BODY_WIDTH": 1242,
        "bg": Object {
          "bgPrimary": "#1E2428",
          "bgSecondary": "#1E3D3B",
          "borderTextArea": "#979797",
          "contentBorder": "1px solid rgba(30, 36, 40, 0.19)",
          "disabledBackgroundColor": "#D6D6D6",
          "disabledTextColor": "#9B9B9B",
          "divider": "#EBEBEB",
          "errorRedColor": "#C03030",
          "hoverTextColor": "#108E72",
          "padding": "calc((100vw - \${props => props.theme.breakpoints[2]}) / 2)",
          "paddingTop": "2.5em",
          "primary": "#0BA986",
          "primaryColor": "#0BA986",
          "primaryDark": "#11856B",
          "primaryTextColor": "#1E2428",
          "secondary": "#11856B",
          "secondaryBlue": "rgb(81, 123, 162, 1)",
          "secondaryBlueDark": "rgb(81, 118, 142, 1)",
          "secondaryColor": "#1E3D3B",
          "secondaryTextColor": "#283035",
          "tertiaryBackgroundColor": "#F7F7F7",
          "textPrimary": "#1E2428",
          "white": "#FFFFFF",
        },
        "bgPrimary": "#1E2428",
        "bgSecondary": "#1E3D3B",
        "borderTextArea": "#979797",
        "breakpoints": Array [
          "500px",
          "52em",
          "1242px",
        ],
        "colors": Object {
          "bgPrimary": "#1E2428",
          "bgSecondary": "#1E3D3B",
          "borderTextArea": "#979797",
          "contentBorder": "1px solid rgba(30, 36, 40, 0.19)",
          "disabledBackgroundColor": "#D6D6D6",
          "disabledTextColor": "#9B9B9B",
          "divider": "#EBEBEB",
          "errorRedColor": "#C03030",
          "hoverTextColor": "#108E72",
          "padding": "calc((100vw - \${props => props.theme.breakpoints[2]}) / 2)",
          "paddingTop": "2.5em",
          "primary": "#0BA986",
          "primaryColor": "#0BA986",
          "primaryDark": "#11856B",
          "primaryTextColor": "#1E2428",
          "secondary": "#11856B",
          "secondaryBlue": "rgb(81, 123, 162, 1)",
          "secondaryBlueDark": "rgb(81, 118, 142, 1)",
          "secondaryColor": "#1E3D3B",
          "secondaryTextColor": "#283035",
          "tertiaryBackgroundColor": "#F7F7F7",
          "textPrimary": "#1E2428",
          "white": "#FFFFFF",
        },
        "contentBorder": "1px solid rgba(30, 36, 40, 0.19)",
        "disabledBackgroundColor": "#D6D6D6",
        "disabledTextColor": "#9B9B9B",
        "divider": "#EBEBEB",
        "errorRedColor": "#C03030",
        "fontSizes": Array [
          11,
          13,
          14,
          16,
          18,
          20,
          22,
          28,
          32,
        ],
        "fontWeight": Array [
          300,
          "normal",
          500,
          700,
        ],
        "hoverTextColor": "#108E72",
        "padContent": "
    max-width: 1242px;
    margin-left: auto;
    margin-right: auto;
    @media (min-width: 1242px) {
      min-width: 1242px;
    }
    @media (max-width: 1242px) {
      min-width: 90%;
    }
  ",
        "padding": "calc((100vw - 1242px) / 2)",
        "paddingTop": "2.5em",
        "primary": "#0BA986",
        "primaryColor": "#0BA986",
        "primaryDark": "#11856B",
        "primaryTextColor": "#1E2428",
        "secondary": "#11856B",
        "secondaryBlue": "rgb(81, 123, 162, 1)",
        "secondaryBlueDark": "rgb(81, 118, 142, 1)",
        "secondaryColor": "#1E3D3B",
        "secondaryTextColor": "#283035",
        "space": Array [
          0,
          10,
          15,
          30,
          60,
        ],
        "tertiaryBackgroundColor": "#F7F7F7",
        "textPrimary": "#1E2428",
        "white": "#FFFFFF",
      }
    }
  >
    <MockedProvider
      addTypename={true}
    >
      <ApolloProvider
        client={
          ApolloClient {
            "__operations_cache__": Map {},
            "cache": InMemoryCache {
              "addTypename": true,
              "cacheKeyRoot": KeyTrie {
                "weakness": true,
              },
              "config": Object {
                "addTypename": true,
                "dataIdFromObject": [Function],
                "fragmentMatcher": HeuristicFragmentMatcher {},
                "freezeResults": false,
                "resultCaching": true,
              },
              "data": DepTrackingCache {
                "data": Object {},
                "depend": [Function],
              },
              "maybeBroadcastWatch": [Function],
              "optimisticData": DepTrackingCache {
                "data": Object {},
                "depend": [Function],
              },
              "silenceBroadcast": false,
              "storeReader": StoreReader {
                "executeSelectionSet": [Function],
                "executeStoreQuery": [Function],
                "executeSubSelectedArray": [Function],
                "freezeResults": false,
              },
              "storeWriter": StoreWriter {},
              "typenameDocumentCache": Map {},
              "watches": Set {},
            },
            "clearStoreCallbacks": Array [],
            "clientAwareness": Object {},
            "defaultOptions": Object {},
            "disableNetworkFetches": false,
            "link": ApolloLink {
              "request": [Function],
            },
            "mutate": [Function],
            "query": [Function],
            "queryDeduplication": true,
            "reFetchObservableQueries": [Function],
            "resetStore": [Function],
            "resetStoreCallbacks": Array [],
            "ssrMode": false,
            "store": DataStore {
              "cache": InMemoryCache {
                "addTypename": true,
                "cacheKeyRoot": KeyTrie {
                  "weakness": true,
                },
                "config": Object {
                  "addTypename": true,
                  "dataIdFromObject": [Function],
                  "fragmentMatcher": HeuristicFragmentMatcher {},
                  "freezeResults": false,
                  "resultCaching": true,
                },
                "data": DepTrackingCache {
                  "data": Object {},
                  "depend": [Function],
                },
                "maybeBroadcastWatch": [Function],
                "optimisticData": DepTrackingCache {
                  "data": Object {},
                  "depend": [Function],
                },
                "silenceBroadcast": false,
                "storeReader": StoreReader {
                  "executeSelectionSet": [Function],
                  "executeStoreQuery": [Function],
                  "executeSubSelectedArray": [Function],
                  "freezeResults": false,
                },
                "storeWriter": StoreWriter {},
                "typenameDocumentCache": Map {},
                "watches": Set {},
              },
            },
            "version": "2.4.13",
            "watchQuery": [Function],
          }
        }
      >
        <ArticleRejected
          classes={Object {}}
          data={
            Object {
              "getArticle": Object {
                "__typename": "ArticleDTO",
                "associatedNfts": null,
                "attributes": Object {},
                "author": Object {
                  "__typename": "PublicUserDTO",
                  "avatar": "test avatar 1",
                  "id": "6791",
                  "name": "test author name 1",
                  "username": "test author username 1",
                },
                "authorId": "3451",
                "checkpoint": null,
                "comments": Object {
                  "__typename": "ResponsePage_CommentDTO",
                  "content": Array [],
                  "totalElements": 0,
                  "totalPages": 0,
                },
                "content": "{\\"markdown\\" : \\"test contet 1\\"}",
                "contentHash": "hash1",
                "dateCreated": "2019-01-01",
                "datePublished": "2019-01-02",
                "description": "test description 1",
                "id": "1231",
                "owner": Object {
                  "__typename": "PublicUserDTO",
                  "avatar": "test avatar 1",
                  "id": "6781",
                  "name": "test author name 1",
                  "publicUserName": "test public username1",
                  "resourceIdentifier": Object {
                    "__typename": "PublicUserDTO",
                    "id": "6781",
                    "type": "ResourceIdentifier",
                  },
                  "username": "test author username1",
                },
                "resourceIdentifier": Object {
                  "__typename": "ResourceIdentifier",
                  "id": "1231",
                  "type": "ResourceIdentifier",
                  "version": 1,
                },
                "status": "PUBLISHED",
                "tags": Array [
                  "Test",
                  "test2",
                ],
                "title": "test title 1",
                "updateComment": "test update comment1",
                "version": 1,
                "voteResult": Object {
                  "__typename": "VoteResultDTO",
                  "count": 3,
                  "hasVoted": false,
                  "quantity": 1,
                  "sum": 3,
                },
              },
            }
          }
          hostName="test hostname"
          id="123"
          routeChangeAction={[MockFunction]}
          router={Object {}}
          userId="234"
        >
          <View__Container>
            <StyledComponent
              forwardedComponent={
                Object {
                  "$$typeof": Symbol(react.forward_ref),
                  "attrs": Array [],
                  "componentStyle": ComponentStyle {
                    "componentId": "View__Container-sc-1f6rwei-1",
                    "isStatic": false,
                    "lastClassName": "jZlTTR",
                    "rules": Array [
                      "display:flex;flex-direction:column;justify-content:center;align-items:center;height:100%;background-color:",
                      [Function],
                      ";>:first-child{margin-bottom:30px;margin-bottom:7px;}",
                    ],
                  },
                  "displayName": "View__Container",
                  "foldedComponentIds": Array [],
                  "render": [Function],
                  "styledComponentId": "View__Container-sc-1f6rwei-1",
                  "target": "section",
                  "toString": [Function],
                  "warnTooManyClasses": [Function],
                  "withComponent": [Function],
                }
              }
              forwardedRef={null}
            >
              <section
                className="View__Container-sc-1f6rwei-1 jZlTTR"
              >
                <Typography__styledComponent>
                  <StyledComponent
                    forwardedComponent={
                      Object {
                        "$$typeof": Symbol(react.forward_ref),
                        "attrs": Array [],
                        "componentStyle": ComponentStyle {
                          "componentId": "Typography__styledComponent-sc-36xkf6-5",
                          "isStatic": false,
                          "lastClassName": "jtQbPb",
                          "rules": Array [
                            "color:",
                            [Function],
                            ";margin:0px;font-weight:",
                            "bold",
                            ";",
                            ";font-size:",
                            "18",
                            "px;text-transform:",
                            [Function],
                            ";text-align:",
                            [Function],
                            ";:hover{color:",
                            [Function],
                            ";cursor:",
                            [Function],
                            ";}",
                          ],
                        },
                        "displayName": "Typography__styledComponent",
                        "foldedComponentIds": Array [],
                        "render": [Function],
                        "styledComponentId": "Typography__styledComponent-sc-36xkf6-5",
                        "target": "span",
                        "toString": [Function],
                        "warnTooManyClasses": [Function],
                        "withComponent": [Function],
                      }
                    }
                    forwardedRef={null}
                  >
                    <span
                      className="Typography__styledComponent-sc-36xkf6-5 jtQbPb"
                    >
                      Article Rejected
                    </span>
                  </StyledComponent>
                </Typography__styledComponent>
                <View__ConfirmationSubject>
                  <StyledComponent
                    forwardedComponent={
                      Object {
                        "$$typeof": Symbol(react.forward_ref),
                        "attrs": Array [],
                        "componentStyle": ComponentStyle {
                          "componentId": "View__ConfirmationSubject-sc-1f6rwei-0",
                          "isStatic": true,
                          "lastClassName": "cmfWVo",
                          "rules": Array [
                            "color:#ffffff;font-weight:normal;font-size:16px;margin-bottom:50px;",
                          ],
                        },
                        "displayName": "View__ConfirmationSubject",
                        "foldedComponentIds": Array [],
                        "render": [Function],
                        "styledComponentId": "View__ConfirmationSubject-sc-1f6rwei-0",
                        "target": "h2",
                        "toString": [Function],
                        "warnTooManyClasses": [Function],
                        "withComponent": [Function],
                      }
                    }
                    forwardedRef={null}
                  >
                    <h2
                      className="View__ConfirmationSubject-sc-1f6rwei-0 cmfWVo"
                    >
                      The author has been notified by email with your note.
                    </h2>
                  </StyledComponent>
                </View__ConfirmationSubject>
                <SecondaryButtonComponent
                  onClick={[Function]}
                >
                  <SecondaryButton
                    bg="transparent"
                    border="white"
                    borderHover="primary"
                    color="white"
                    fontSize={0}
                    fontWeight={700}
                    mr={2}
                    onClick={[Function]}
                    type="button"
                  >
                    <StyledComponent
                      bg="transparent"
                      border="white"
                      borderHover="primary"
                      color="white"
                      fontSize={0}
                      fontWeight={700}
                      forwardedComponent={
                        Object {
                          "$$typeof": Symbol(react.forward_ref),
                          "attrs": Array [],
                          "componentStyle": ComponentStyle {
                            "componentId": "SecondaryButton-sy4hb2-0",
                            "isStatic": false,
                            "lastClassName": "faBvdL",
                            "rules": Array [
                              "display:flex;align-items:center;justify-content:center;min-width:136px;max-width:150px;",
                              [Function],
                              ";height:40px;border-radius:4px;border:none;cursor:pointer;> svg,img{height:16px;",
                              [Function],
                              ";}text-transform:uppercase;opacity:",
                              [Function],
                              ";",
                              [Function],
                              ";",
                              [Function],
                              ";",
                              [Function],
                              ";",
                              [Function],
                              ";:hover{cursor:",
                              [Function],
                              ";}",
                              ";box-shadow:0px 0px 0px 1px ",
                              [Function],
                              ";:hover{box-shadow:0px 0px 0px 2px ",
                              [Function],
                              ";}",
                            ],
                          },
                          "displayName": "SecondaryButton",
                          "foldedComponentIds": Array [],
                          "render": [Function],
                          "styledComponentId": "SecondaryButton-sy4hb2-0",
                          "target": "button",
                          "toString": [Function],
                          "warnTooManyClasses": [Function],
                          "withComponent": [Function],
                        }
                      }
                      forwardedRef={null}
                      mr={2}
                      onClick={[Function]}
                      type="button"
                    >
                      <button
                        className="SecondaryButton-sy4hb2-0 faBvdL"
                        color="white"
                        fontSize={0}
                        fontWeight={700}
                        onClick={[Function]}
                        type="button"
                      >
                        Back to my articles
                      </button>
                    </StyledComponent>
                  </SecondaryButton>
                </SecondaryButtonComponent>
              </section>
            </StyledComponent>
          </View__Container>
        </ArticleRejected>
      </ApolloProvider>
    </MockedProvider>
  </ThemeProvider>
</Provider>
`;
