// Jest Snapshot v1, https://goo.gl/fbAQLP

exports[`containers/EditProfile should match snapshot 1`] = `
<Provider
  store={
    Object {
      "clearActions": [Function],
      "dispatch": [Function],
      "getActions": [Function],
      "getState": [Function],
      "replaceReducer": [Function],
      "subscribe": [Function],
    }
  }
>
  <ThemeProvider
    theme={
      Object {
        "breakpoints": Object {
          "between": [Function],
          "down": [Function],
          "keys": Array [
            "xs",
            "sm",
            "md",
            "lg",
            "xl",
          ],
          "only": [Function],
          "up": [Function],
          "values": Object {
            "lg": 1280,
            "md": 960,
            "sm": 600,
            "xl": 1920,
            "xs": 0,
          },
          "width": [Function],
        },
        "direction": "ltr",
        "mixins": Object {
          "gutters": [Function],
          "toolbar": Object {
            "@media (min-width:0px) and (orientation: landscape)": Object {
              "minHeight": 48,
            },
            "@media (min-width:600px)": Object {
              "minHeight": 64,
            },
            "minHeight": 56,
          },
        },
        "overrides": Object {
          "MuiButton": Object {
            "contained": Object {
              "&&:disabled": Object {
                "backgroundColor": "#e0e0e0",
              },
            },
            "outlined": Object {
              "&&:disabled": Object {
                "backgroundColor": "#e0e0e0",
              },
            },
          },
        },
        "palette": Object {
          "action": Object {
            "active": "rgba(0, 0, 0, 0.54)",
            "disabled": "rgba(0, 0, 0, 0.26)",
            "disabledBackground": "rgba(0, 0, 0, 0.12)",
            "hover": "rgba(0, 0, 0, 0.08)",
            "hoverOpacity": 0.08,
            "selected": "rgba(0, 0, 0, 0.14)",
          },
          "augmentColor": [Function],
          "background": Object {
            "default": "#f5f5f5",
            "paper": "#fff",
          },
          "common": Object {
            "black": "#1E2428",
            "white": "#fff",
          },
          "contrastThreshold": 3,
          "divider": "rgba(0, 0, 0, 0.12)",
          "error": Object {
            "contrastText": "#fff",
            "dark": "#d32f2f",
            "light": "#e57373",
            "main": "#f44336",
          },
          "getContrastText": [Function],
          "grey": Object {
            "100": "#f5f5f5",
            "200": "#eeeeee",
            "300": "#e0e0e0",
            "400": "#bdbdbd",
            "50": "#fafafa",
            "500": "#9e9e9e",
            "600": "#757575",
            "700": "#616161",
            "800": "#424242",
            "900": "#212121",
            "A100": "#d5d5d5",
            "A200": "#aaaaaa",
            "A400": "#303030",
            "A700": "#616161",
          },
          "primary": Object {
            "contrastText": "rgba(0, 0, 0, 0.87)",
            "dark": "rgb(7, 118, 93)",
            "light": "rgb(59, 186, 158)",
            "main": "#0BA986",
          },
          "secondary": Object {
            "contrastText": "rgba(0, 0, 0, 0.87)",
            "dark": "rgb(178, 178, 178)",
            "light": "rgb(255, 255, 255)",
            "main": "#ffffff",
          },
          "text": Object {
            "disabled": "rgba(0, 0, 0, 0.38)",
            "hint": "rgba(0, 0, 0, 0.38)",
            "primary": "rgba(0, 0, 0, 0.87)",
            "secondary": "rgba(0, 0, 0, 0.54)",
          },
          "tonalOffset": 0.2,
          "type": "light",
        },
        "props": Object {},
        "shadows": Array [
          "none",
          "0px 2px 1px -1px rgba(0,0,0,0.2),0px 1px 1px 0px rgba(0,0,0,0.14),0px 1px 3px 0px rgba(0,0,0,0.12)",
          "0px 3px 1px -2px rgba(0,0,0,0.2),0px 2px 2px 0px rgba(0,0,0,0.14),0px 1px 5px 0px rgba(0,0,0,0.12)",
          "0px 3px 3px -2px rgba(0,0,0,0.2),0px 3px 4px 0px rgba(0,0,0,0.14),0px 1px 8px 0px rgba(0,0,0,0.12)",
          "0px 2px 4px -1px rgba(0,0,0,0.2),0px 4px 5px 0px rgba(0,0,0,0.14),0px 1px 10px 0px rgba(0,0,0,0.12)",
          "0px 3px 5px -1px rgba(0,0,0,0.2),0px 5px 8px 0px rgba(0,0,0,0.14),0px 1px 14px 0px rgba(0,0,0,0.12)",
          "0px 3px 5px -1px rgba(0,0,0,0.2),0px 6px 10px 0px rgba(0,0,0,0.14),0px 1px 18px 0px rgba(0,0,0,0.12)",
          "0px 4px 5px -2px rgba(0,0,0,0.2),0px 7px 10px 1px rgba(0,0,0,0.14),0px 2px 16px 1px rgba(0,0,0,0.12)",
          "0px 5px 5px -3px rgba(0,0,0,0.2),0px 8px 10px 1px rgba(0,0,0,0.14),0px 3px 14px 2px rgba(0,0,0,0.12)",
          "0px 5px 6px -3px rgba(0,0,0,0.2),0px 9px 12px 1px rgba(0,0,0,0.14),0px 3px 16px 2px rgba(0,0,0,0.12)",
          "0px 6px 6px -3px rgba(0,0,0,0.2),0px 10px 14px 1px rgba(0,0,0,0.14),0px 4px 18px 3px rgba(0,0,0,0.12)",
          "0px 6px 7px -4px rgba(0,0,0,0.2),0px 11px 15px 1px rgba(0,0,0,0.14),0px 4px 20px 3px rgba(0,0,0,0.12)",
          "0px 7px 8px -4px rgba(0,0,0,0.2),0px 12px 17px 2px rgba(0,0,0,0.14),0px 5px 22px 4px rgba(0,0,0,0.12)",
          "0px 7px 8px -4px rgba(0,0,0,0.2),0px 13px 19px 2px rgba(0,0,0,0.14),0px 5px 24px 4px rgba(0,0,0,0.12)",
          "0px 7px 9px -4px rgba(0,0,0,0.2),0px 14px 21px 2px rgba(0,0,0,0.14),0px 5px 26px 4px rgba(0,0,0,0.12)",
          "0px 8px 9px -5px rgba(0,0,0,0.2),0px 15px 22px 2px rgba(0,0,0,0.14),0px 6px 28px 5px rgba(0,0,0,0.12)",
          "0px 8px 10px -5px rgba(0,0,0,0.2),0px 16px 24px 2px rgba(0,0,0,0.14),0px 6px 30px 5px rgba(0,0,0,0.12)",
          "0px 8px 11px -5px rgba(0,0,0,0.2),0px 17px 26px 2px rgba(0,0,0,0.14),0px 6px 32px 5px rgba(0,0,0,0.12)",
          "0px 9px 11px -5px rgba(0,0,0,0.2),0px 18px 28px 2px rgba(0,0,0,0.14),0px 7px 34px 6px rgba(0,0,0,0.12)",
          "0px 9px 12px -6px rgba(0,0,0,0.2),0px 19px 29px 2px rgba(0,0,0,0.14),0px 7px 36px 6px rgba(0,0,0,0.12)",
          "0px 10px 13px -6px rgba(0,0,0,0.2),0px 20px 31px 3px rgba(0,0,0,0.14),0px 8px 38px 7px rgba(0,0,0,0.12)",
          "0px 10px 13px -6px rgba(0,0,0,0.2),0px 21px 33px 3px rgba(0,0,0,0.14),0px 8px 40px 7px rgba(0,0,0,0.12)",
          "0px 10px 14px -6px rgba(0,0,0,0.2),0px 22px 35px 3px rgba(0,0,0,0.14),0px 8px 42px 7px rgba(0,0,0,0.12)",
          "0px 11px 14px -7px rgba(0,0,0,0.2),0px 23px 36px 3px rgba(0,0,0,0.14),0px 9px 44px 8px rgba(0,0,0,0.12)",
          "0px 11px 15px -7px rgba(0,0,0,0.2),0px 24px 38px 3px rgba(0,0,0,0.14),0px 9px 46px 8px rgba(0,0,0,0.12)",
        ],
        "shape": Object {
          "borderRadius": 4,
        },
        "spacing": [Function],
        "transitions": Object {
          "create": [Function],
          "duration": Object {
            "complex": 375,
            "enteringScreen": 225,
            "leavingScreen": 195,
            "short": 250,
            "shorter": 200,
            "shortest": 150,
            "standard": 300,
          },
          "easing": Object {
            "easeIn": "cubic-bezier(0.4, 0, 1, 1)",
            "easeInOut": "cubic-bezier(0.4, 0, 0.2, 1)",
            "easeOut": "cubic-bezier(0.0, 0, 0.2, 1)",
            "sharp": "cubic-bezier(0.4, 0, 0.6, 1)",
          },
          "getAutoHeightDuration": [Function],
        },
        "typography": Object {
          "body1": Object {
            "fontFamily": "\\"Roboto\\", \\"Helvetica\\", \\"Arial\\", sans-serif",
            "fontSize": "1rem",
            "fontWeight": 400,
            "letterSpacing": "0.00938em",
            "lineHeight": 1.5,
          },
          "body2": Object {
            "fontFamily": "\\"Roboto\\", \\"Helvetica\\", \\"Arial\\", sans-serif",
            "fontSize": "0.875rem",
            "fontWeight": 400,
            "letterSpacing": "0.01071em",
            "lineHeight": 1.43,
          },
          "button": Object {
            "fontFamily": "\\"Roboto\\", \\"Helvetica\\", \\"Arial\\", sans-serif",
            "fontSize": "0.875rem",
            "fontWeight": 500,
            "letterSpacing": "0.02857em",
            "lineHeight": 1.75,
            "textTransform": "uppercase",
          },
          "caption": Object {
            "fontFamily": "\\"Roboto\\", \\"Helvetica\\", \\"Arial\\", sans-serif",
            "fontSize": "0.75rem",
            "fontWeight": 400,
            "letterSpacing": "0.03333em",
            "lineHeight": 1.66,
          },
          "fontFamily": "\\"Roboto\\", \\"Helvetica\\", \\"Arial\\", sans-serif",
          "fontSize": 14,
          "fontWeightBold": 700,
          "fontWeightLight": 300,
          "fontWeightMedium": 500,
          "fontWeightRegular": 400,
          "h1": Object {
            "fontFamily": "\\"Roboto\\", \\"Helvetica\\", \\"Arial\\", sans-serif",
            "fontSize": "6rem",
            "fontWeight": 300,
            "letterSpacing": "-0.01562em",
            "lineHeight": 1,
          },
          "h2": Object {
            "fontFamily": "\\"Roboto\\", \\"Helvetica\\", \\"Arial\\", sans-serif",
            "fontSize": "3.75rem",
            "fontWeight": 300,
            "letterSpacing": "-0.00833em",
            "lineHeight": 1,
          },
          "h3": Object {
            "fontFamily": "\\"Roboto\\", \\"Helvetica\\", \\"Arial\\", sans-serif",
            "fontSize": "3rem",
            "fontWeight": 400,
            "letterSpacing": "0em",
            "lineHeight": 1.04,
          },
          "h4": Object {
            "fontFamily": "\\"Roboto\\", \\"Helvetica\\", \\"Arial\\", sans-serif",
            "fontSize": "2.125rem",
            "fontWeight": 400,
            "letterSpacing": "0.00735em",
            "lineHeight": 1.17,
          },
          "h5": Object {
            "fontFamily": "\\"Roboto\\", \\"Helvetica\\", \\"Arial\\", sans-serif",
            "fontSize": "1.5rem",
            "fontWeight": 400,
            "letterSpacing": "0em",
            "lineHeight": 1.33,
          },
          "h6": Object {
            "fontFamily": "\\"Roboto\\", \\"Helvetica\\", \\"Arial\\", sans-serif",
            "fontSize": "1.25rem",
            "fontWeight": 500,
            "letterSpacing": "0.0075em",
            "lineHeight": 1.6,
          },
          "htmlFontSize": 16,
          "overline": Object {
            "fontFamily": "\\"Roboto\\", \\"Helvetica\\", \\"Arial\\", sans-serif",
            "fontSize": "0.75rem",
            "fontWeight": 400,
            "letterSpacing": "0.08333em",
            "lineHeight": 2.66,
            "textTransform": "uppercase",
          },
          "pxToRem": [Function],
          "round": [Function],
          "subtitle1": Object {
            "fontFamily": "\\"Roboto\\", \\"Helvetica\\", \\"Arial\\", sans-serif",
            "fontSize": "1rem",
            "fontWeight": 400,
            "letterSpacing": "0.00938em",
            "lineHeight": 1.75,
          },
          "subtitle2": Object {
            "fontFamily": "\\"Roboto\\", \\"Helvetica\\", \\"Arial\\", sans-serif",
            "fontSize": "0.875rem",
            "fontWeight": 500,
            "letterSpacing": "0.00714em",
            "lineHeight": 1.57,
          },
        },
        "zIndex": Object {
          "appBar": 1100,
          "drawer": 1200,
          "mobileStepper": 1000,
          "modal": 1300,
          "snackbar": 1400,
          "speedDial": 1050,
          "tooltip": 1500,
        },
        Symbol(mui.nested): false,
      }
    }
  >
    <ThemeProvider
      theme={
        Object {
          "DEFAULT_CARD_WIDTH": 288,
          "MAIN_BODY_WIDTH": 1272,
          "bg": Object {
            "bgPrimary": "#1E2428",
            "bgSecondary": "#1E3D3B",
            "borderTextArea": "#979797",
            "contentBorder": "1px solid rgba(30, 36, 40, 0.19)",
            "disabledBackgroundColor": "#D6D6D6",
            "disabledTextColor": "#9B9B9B",
            "divider": "#EBEBEB",
            "errorRedColor": "#C03030",
            "hoverTextColor": "#108E72",
            "padding": "calc((100vw - \${props => props.theme.breakpoints[2]}) / 2)",
            "paddingTop": "2.5em",
            "primary": "#0BA986",
            "primaryColor": "#0BA986",
            "primaryDark": "#11856B",
            "primaryTextColor": "#1E2428",
            "secondary": "#11856B",
            "secondaryBlue": "rgb(81, 123, 162, 1)",
            "secondaryBlueDark": "rgb(81, 118, 142, 1)",
            "secondaryColor": "#1E3D3B",
            "secondaryTextColor": "#283035",
            "tertiaryBackgroundColor": "#F7F7F7",
            "textPrimary": "#1E2428",
            "white": "#FFFFFF",
          },
          "bgPrimary": "#1E2428",
          "bgSecondary": "#1E3D3B",
          "borderTextArea": "#979797",
          "breakpoints": Array [
            "500px",
            "52em",
            "1272px",
          ],
          "colors": Object {
            "bgPrimary": "#1E2428",
            "bgSecondary": "#1E3D3B",
            "borderTextArea": "#979797",
            "contentBorder": "1px solid rgba(30, 36, 40, 0.19)",
            "disabledBackgroundColor": "#D6D6D6",
            "disabledTextColor": "#9B9B9B",
            "divider": "#EBEBEB",
            "errorRedColor": "#C03030",
            "hoverTextColor": "#108E72",
            "padding": "calc((100vw - \${props => props.theme.breakpoints[2]}) / 2)",
            "paddingTop": "2.5em",
            "primary": "#0BA986",
            "primaryColor": "#0BA986",
            "primaryDark": "#11856B",
            "primaryTextColor": "#1E2428",
            "secondary": "#11856B",
            "secondaryBlue": "rgb(81, 123, 162, 1)",
            "secondaryBlueDark": "rgb(81, 118, 142, 1)",
            "secondaryColor": "#1E3D3B",
            "secondaryTextColor": "#283035",
            "tertiaryBackgroundColor": "#F7F7F7",
            "textPrimary": "#1E2428",
            "white": "#FFFFFF",
          },
          "contentBorder": "1px solid rgba(30, 36, 40, 0.19)",
          "disabledBackgroundColor": "#D6D6D6",
          "disabledTextColor": "#9B9B9B",
          "divider": "#EBEBEB",
          "errorRedColor": "#C03030",
          "fontSizes": Array [
            11,
            13,
            14,
            16,
            18,
            20,
            22,
            28,
            32,
          ],
          "fontWeight": Array [
            300,
            "normal",
            500,
            700,
          ],
          "hoverTextColor": "#108E72",
          "padContent": "
    max-width: 1272px;
    margin-left: auto;
    margin-right: auto;
    @media (min-width: 1272px) {
      min-width: 1272px;
    }
    @media (max-width: 1272px) {
      min-width: 90%;
    }
  ",
          "padding": "calc((100vw - 1272px) / 2)",
          "paddingTop": "2.5em",
          "primary": "#0BA986",
          "primaryColor": "#0BA986",
          "primaryDark": "#11856B",
          "primaryTextColor": "#1E2428",
          "secondary": "#11856B",
          "secondaryBlue": "rgb(81, 123, 162, 1)",
          "secondaryBlueDark": "rgb(81, 118, 142, 1)",
          "secondaryColor": "#1E3D3B",
          "secondaryTextColor": "#283035",
          "space": Array [
            0,
            10,
            15,
            30,
            60,
          ],
          "tertiaryBackgroundColor": "#F7F7F7",
          "textPrimary": "#1E2428",
          "white": "#FFFFFF",
        }
      }
    >
      <MockedProvider
        addTypename={true}
      >
        <ApolloProvider
          client={
            ApolloClient {
              "__operations_cache__": Map {},
              "cache": InMemoryCache {
                "addTypename": true,
                "cacheKeyRoot": KeyTrie {
                  "weakness": true,
                },
                "config": Object {
                  "addTypename": true,
                  "dataIdFromObject": [Function],
                  "fragmentMatcher": HeuristicFragmentMatcher {},
                  "freezeResults": false,
                  "resultCaching": true,
                },
                "data": DepTrackingCache {
                  "data": Object {},
                  "depend": [Function],
                },
                "maybeBroadcastWatch": [Function],
                "optimisticData": DepTrackingCache {
                  "data": Object {},
                  "depend": [Function],
                },
                "silenceBroadcast": false,
                "storeReader": StoreReader {
                  "executeSelectionSet": [Function],
                  "executeStoreQuery": [Function],
                  "executeSubSelectedArray": [Function],
                  "freezeResults": false,
                },
                "storeWriter": StoreWriter {},
                "typenameDocumentCache": Map {},
                "watches": Set {},
              },
              "clearStoreCallbacks": Array [],
              "clientAwareness": Object {},
              "defaultOptions": Object {},
              "disableNetworkFetches": false,
              "link": ApolloLink {
                "request": [Function],
              },
              "mutate": [Function],
              "query": [Function],
              "queryDeduplication": true,
              "reFetchObservableQueries": [Function],
              "resetStore": [Function],
              "resetStoreCallbacks": Array [],
              "ssrMode": false,
              "store": DataStore {
                "cache": InMemoryCache {
                  "addTypename": true,
                  "cacheKeyRoot": KeyTrie {
                    "weakness": true,
                  },
                  "config": Object {
                    "addTypename": true,
                    "dataIdFromObject": [Function],
                    "fragmentMatcher": HeuristicFragmentMatcher {},
                    "freezeResults": false,
                    "resultCaching": true,
                  },
                  "data": DepTrackingCache {
                    "data": Object {},
                    "depend": [Function],
                  },
                  "maybeBroadcastWatch": [Function],
                  "optimisticData": DepTrackingCache {
                    "data": Object {},
                    "depend": [Function],
                  },
                  "silenceBroadcast": false,
                  "storeReader": StoreReader {
                    "executeSelectionSet": [Function],
                    "executeStoreQuery": [Function],
                    "executeSubSelectedArray": [Function],
                    "freezeResults": false,
                  },
                  "storeWriter": StoreWriter {},
                  "typenameDocumentCache": Map {},
                  "watches": Set {},
                },
              },
              "version": "2.4.13",
              "watchQuery": [Function],
            }
          }
        >
          <OnboardingEditProfile
            OwnProfile={
              Object {
                "getMyProfile": Object {
                  "__typename": "UserDTO",
                  "articles": Object {
                    "__typename": "ResponsePage_ArticleDTO",
                    "totalElements": 5,
                  },
                  "avatar": "avatar",
                  "collections": Object {
                    "__typename": "ResponsePage_CollectionDTO",
                    "totalElements": 2,
                  },
                  "communities": Array [],
                  "dateCreated": "2019-01-01",
                  "email": "test@test.com",
                  "id": "123",
                  "name": "test name",
                  "social": Object {
                    "github": "github",
                    "twitter": "twitter",
                  },
                  "status": "CREATED",
                  "subscriptions": Object {
                    "newsletter": false,
                  },
                  "title": "title",
                  "username": "test username",
                  "website": "website",
                },
              }
            }
            resendEmailVerificationAction={[MockFunction]}
            routeChangeAction={
              [MockFunction] {
                "calls": Array [
                  Array [
                    "route?redirected=true",
                  ],
                ],
                "results": Array [
                  Object {
                    "type": "return",
                    "value": undefined,
                  },
                ],
              }
            }
            router={
              Object {
                "query": Object {
                  "r": "route",
                  "redirected": true,
                },
              }
            }
            saveUserDetailsAction={[MockFunction]}
            showNotificationAction={[MockFunction]}
            user={
              Object {
                "dateCreated": "2019-01-01",
                "email": "test@test.com",
                "id": "123",
                "name": "test name",
                "username": "test userename",
              }
            }
            userId="123"
          >
            <View__Page>
              <StyledComponent
                forwardedComponent={
                  Object {
                    "$$typeof": Symbol(react.forward_ref),
                    "attrs": Array [],
                    "componentStyle": ComponentStyle {
                      "componentId": "View__Page-sc-19kw1f9-0",
                      "isStatic": false,
                      "lastClassName": "ikXKmw",
                      "rules": Array [
                        "display:flex;background:",
                        [Function],
                        ";flex:1;align-items:center;justify-content:center;height:100%;flex-direction:column;@media (max-width:600px){margin-top:-56px;padding:16px;}",
                      ],
                    },
                    "displayName": "View__Page",
                    "foldedComponentIds": Array [],
                    "render": [Function],
                    "styledComponentId": "View__Page-sc-19kw1f9-0",
                    "target": "div",
                    "toString": [Function],
                    "usesTheme": true,
                    "warnTooManyClasses": [Function],
                    "withComponent": [Function],
                  }
                }
                forwardedRef={null}
              >
                <div
                  className="View__Page-sc-19kw1f9-0 ikXKmw"
                >
                  <LoadingComponent>
                    <style
                      type="text/css"
                    >
                      
        .centered-wrapper{
          display: flex;
          flex: 1;
          align-items: center;
          justify-content: center;
        }
        .lds-ellipsis {
          display: inline-block;
          position: relative;
          width: 64px;
          height: 64px;
        }
        .lds-ellipsis div {
          position: absolute;
          top: 27px;
          width: 11px;
          height: 11px;
          border-radius: 50%;
          background: #0BA986;
          animation-timing-function: cubic-bezier(0, 1, 1, 0);
        }
        .lds-ellipsis div:nth-child(1) {
          left: 6px;
          animation: lds-ellipsis1 0.6s infinite;
        }
        .lds-ellipsis div:nth-child(2) {
          left: 6px;
          animation: lds-ellipsis2 0.6s infinite;
        }
        .lds-ellipsis div:nth-child(3) {
          left: 26px;
          animation: lds-ellipsis2 0.6s infinite;
        }
        .lds-ellipsis div:nth-child(4) {
          left: 45px;
          animation: lds-ellipsis3 0.6s infinite;
        }
        @keyframes lds-ellipsis1 {
          0% {
            transform: scale(0);
          }
          100% {
            transform: scale(1);
          }
        }
        @keyframes lds-ellipsis3 {
          0% {
            transform: scale(1);
          }
          100% {
            transform: scale(0);
          }
        }
        @keyframes lds-ellipsis2 {
          0% {
            transform: translate(0, 0);
          }
          100% {
            transform: translate(19px, 0);
          }
        }
        
                    </style>
                    <div
                      className="centered-wrapper"
                    >
                      <div
                        className="lds-ellipsis"
                      >
                        <div />
                        <div />
                        <div />
                        <div />
                      </div>
                    </div>
                  </LoadingComponent>
                </div>
              </StyledComponent>
            </View__Page>
          </OnboardingEditProfile>
        </ApolloProvider>
      </MockedProvider>
    </ThemeProvider>
  </ThemeProvider>
</Provider>
`;
