// Jest Snapshot v1, https://goo.gl/fbAQLP

exports[`components/Checkbox should match snapshot with checked false and disabled true 1`] = `
<ContextConsumer>
  <Component />
</ContextConsumer>
`;

exports[`components/Checkbox should match snapshot with checked true and disabled false 1`] = `
<ContextConsumer>
  <Component />
</ContextConsumer>
`;
