// Jest Snapshot v1, https://goo.gl/fbAQLP

exports[`components/EmailCheckbox snapshot should match 1`] = `
<ContextConsumer>
  <Component />
</ContextConsumer>
`;
